// Jest Snapshot v1, https://goo.gl/fbAQLP

exports[`should write and read back custom intle number 1`] = `Buffer<00 00 80 00 00 00 00 00 80>`;

exports[`should write and read back custom uintle number 1`] = `Buffer<fe fe fe fd fd fd fd fd fd>`;

exports[`should write and read back doublele number 1`] = `Buffer<00 00 00 00 00 00 70 3f 00 00 00 00 00 00 00 00>`;

exports[`should write and read back floatle number 1`] = `Buffer<00 00 80 3b 00 00 00 00>`;

exports[`should write and read back int8 number 1`] = `Buffer<7f 80>`;

exports[`should write and read back int16le number 1`] = `Buffer<ef 7f 00 80>`;

exports[`should write and read back int32le number 1`] = `Buffer<ef ef ef 7f 00 00 00 80>`;

exports[`should write and read back uint8 number 1`] = `Buffer<fe 00>`;

exports[`should write and read back uint16le number 1`] = `Buffer<fe fe 00 00>`;

exports[`should write and read back uint32be number 1`] = `Buffer<fe fe fe fe 00 00 00 00>`;

exports[`should write and read back uint32le number 1`] = `Buffer<fe fe fe fe 00 00 00 00>`;
